
> frontend@0.1.0 build
> next build

Γû▓ Next.js 16.1.1 (Turbopack)
- Environments: .env.local

node.exe : ΓÜá The "middleware" file convention 
is deprecated. Please use "proxy" instead. Learn 
more: https://nextjs.org/docs/messages/middleware-
to-proxy
At C:\Users\fisky\AppData\Roaming\npm\npm.ps1:24 
char:5
+     & "node$exe"  
"$basedir/node_modules/npm/bin/npm-cli.js" $args
+     ~~~~~~~~~~~~~~~~~~~~~~~~~~~~~~~~~~~~~~~~~~~~
~~~~~~~~~~~~~~~~~~
    + CategoryInfo          : NotSpecified: (ΓÜá  
   The "middle...leware-to-proxy:String) [], Rem  
  oteException
    + FullyQualifiedErrorId : NativeCommandError
 
  Creating an optimized production build ...
Γ£ô Compiled successfully in 20.6s
  Running TypeScript ...
  Collecting page data using 3 workers ...

> Build error occurred
Error: The file "./middleware.ts" must export a 
function, either as a default export or as a 
named "middleware" export.
This function is what Next.js runs for every 
request handled by this middleware.

Why this happens:
- The file exists but doesn't export a function.
- The export is not a function (e.g., an object 
or constant).
- There's a syntax error preventing the export 
from being recognized.

To fix it:
- Ensure this file has either a default or 
"middleware" function export.

Learn more: https://nextjs.org/docs/messages/middl
eware-to-proxy
    at ignore-listed frames
